// Jest Snapshot v1, https://goo.gl/fbAQLP

exports[`item list  should render correctly in "debug" mode and match the snapshot 1`] = `
<div
  className="cf"
>
  <img
    alt="laptop"
    className="top"
    src="firstImage.png"
  />
  <img
    alt="laptop"
    className="bottom"
    src="secondImage.png"
  />
</div>
`;
