// Jest Snapshot v1, https://goo.gl/fbAQLP

exports[`item list  should render correctly in "debug" mode and match the snapshot 1`] = `
<div
  className="computerSelect"
>
  <img />
  <div
    className="container"
  >
    <button
      className="linkButton"
      onClick={[Function]}
    >
      <h4>
        <b />
      </h4>
    </button>
    <p />
  </div>
</div>
`;
